[27-Jul-2026 06:59:58 UTC] PHP Deprecated:  Creation of dynamic property OmniCMS\Core\Http\Request::$routeParams is deprecated in /workspace/app/Core/Http/Router.php on line 245
[27-Jul-2026 07:00:01 UTC] PHP Deprecated:  Creation of dynamic property OmniCMS\Core\Http\Request::$routeParams is deprecated in /workspace/app/Core/Http/Router.php on line 245
[27-Jul-2026 08:03:23 UTC] PHP Deprecated:  Creation of dynamic property OmniCMS\Core\Http\Request::$routeParams is deprecated in /workspace/app/Core/Http/Router.php on line 245
[27-Jul-2026 08:03:23 UTC] PHP Fatal error:  Uncaught TypeError: Modules\Core\Controllers\HomeController::index(): Argument #1 ($request) must be of type App\Core\Http\Request, OmniCMS\Core\Http\Request given in /workspace/Modules/Core/Controllers/HomeController.php:18
Stack trace:
#0 [internal function]: Modules\Core\Controllers\HomeController->index()
#1 /workspace/app/Core/Http/Router.php(325): call_user_func()
#2 /workspace/app/Core/Http/Router.php(214): OmniCMS\Core\Http\Router->executeHandler()
#3 /workspace/public/index.php(71): OmniCMS\Core\Http\Router->dispatch()
#4 {main}
  thrown in /workspace/Modules/Core/Controllers/HomeController.php on line 18
[27-Jul-2026 08:04:26 UTC] PHP Deprecated:  Creation of dynamic property OmniCMS\Core\Http\Request::$routeParams is deprecated in /workspace/app/Core/Http/Router.php on line 245
[27-Jul-2026 08:04:26 UTC] PHP Warning:  Undefined array key "file" in /workspace/app/Core/Log/Logger.php on line 235
[27-Jul-2026 08:04:26 UTC] PHP Deprecated:  basename(): Passing null to parameter #1 ($path) of type string is deprecated in /workspace/app/Core/Log/Logger.php on line 235
[27-Jul-2026 08:04:26 UTC] PHP Warning:  Undefined array key "line" in /workspace/app/Core/Log/Logger.php on line 235
[27-Jul-2026 08:04:26 UTC] PHP Fatal error:  Uncaught Error: Class "App\Core\Http\ViewRenderer" not found in /workspace/app/Functions/helpers.php:344
Stack trace:
#0 /workspace/Modules/Core/Controllers/HomeController.php(28): view()
#1 [internal function]: Modules\Core\Controllers\HomeController->index()
#2 /workspace/app/Core/Http/Router.php(325): call_user_func()
#3 /workspace/app/Core/Http/Router.php(214): OmniCMS\Core\Http\Router->executeHandler()
#4 /workspace/public/index.php(71): OmniCMS\Core\Http\Router->dispatch()
#5 {main}
  thrown in /workspace/app/Functions/helpers.php on line 344
[27-Jul-2026 08:05:45 UTC] PHP Deprecated:  Creation of dynamic property OmniCMS\Core\Http\Request::$routeParams is deprecated in /workspace/app/Core/Http/Router.php on line 245
[27-Jul-2026 08:05:45 UTC] PHP Warning:  Undefined array key "file" in /workspace/app/Core/Log/Logger.php on line 235
[27-Jul-2026 08:05:45 UTC] PHP Deprecated:  basename(): Passing null to parameter #1 ($path) of type string is deprecated in /workspace/app/Core/Log/Logger.php on line 235
[27-Jul-2026 08:05:45 UTC] PHP Warning:  Undefined array key "line" in /workspace/app/Core/Log/Logger.php on line 235
[27-Jul-2026 08:20:28 UTC] PHP Deprecated:  Creation of dynamic property OmniCMS\Core\Http\Request::$routeParams is deprecated in /workspace/app/Core/Http/Router.php on line 245
[27-Jul-2026 08:20:58 UTC] PHP Deprecated:  Creation of dynamic property OmniCMS\Core\Http\Request::$routeParams is deprecated in /workspace/app/Core/Http/Router.php on line 245
